<?xml version="1.0" encoding="UTF-8"?>
<mapping xmlns="http://castor.exolab.org/" xmlns:xsi="http://www.w3.org/2001/XMLSchema-instance" xsi:type="mapping">
	<description>Castor generated mapping file</description>
	<class name="astrolabe.model.Picker">
		<description xmlns="">Default mapping for class astrolabe.model.Picker</description>
		<map-to xml="Picker" ns-uri="http://www.chartacaeli.eu/astrolabe/model"/>
		<field name="spanParallel" type="astrolabe.model.SpanParallel">
			<bind-xml name="SpanParallel" node="element"/>
		</field>
		<field name="spanMeridian" type="astrolabe.model.SpanMeridian">
			<bind-xml name="SpanMeridian" node="element"/>
		</field>
	</class>
	<class name="astrolabe.model.SpanParallel">
		<description xmlns="">Default mapping for class astrolabe.model.SpanParallel</description>
		<map-to xml="SpanParallel" ns-uri="http://www.chartacaeli.eu/astrolabe/model"/>
		<field name="DMS" type="astrolabe.model.DMS">
			<bind-xml name="DMS" node="element"/>
		</field>
		<field name="HMS" type="astrolabe.model.HMS">
			<bind-xml name="HMS" node="element"/>
		</field>
		<field name="rational" type="astrolabe.model.Rational">
			<bind-xml name="Rational" node="element"/>
		</field>
	</class>
	<class name="astrolabe.model.SpanMeridian">
		<description xmlns="">Default mapping for class astrolabe.model.SpanMeridian</description>
		<map-to xml="SpanMeridian" ns-uri="http://www.chartacaeli.eu/astrolabe/model"/>
		<field name="DMS" type="astrolabe.model.DMS">
			<bind-xml name="DMS" node="element"/>
		</field>
		<field name="HMS" type="astrolabe.model.HMS">
			<bind-xml name="HMS" node="element"/>
		</field>
		<field name="rational" type="astrolabe.model.Rational">
			<bind-xml name="Rational" node="element"/>
		</field>
	</class>
	<class name="astrolabe.DMS">
		<description>Default mapping for class astrolabe.DMS</description>
		<map-to xml="DMS" ns-uri="http://www.chartacaeli.eu/astrolabe/model"/>
		<field name="neg" type="boolean" required="true">
			<bind-xml name="neg" node="attribute"/>
		</field>
		<field name="deg" type="int" required="true">
			<bind-xml name="deg" node="attribute"/>
		</field>
		<field name="min" type="int" required="true">
			<bind-xml name="min" node="attribute"/>
		</field>
		<field name="sec" type="double" required="true">
			<bind-xml name="sec" node="attribute"/>
		</field>
	</class>
	<class name="astrolabe.Rational">
		<description>Default mapping for class astrolabe.Rational</description>
		<map-to xml="Rational" ns-uri="http://www.chartacaeli.eu/astrolabe/model"/>
		<field name="value" type="double" required="true">
			<bind-xml name="value" node="attribute"/>
		</field>
	</class>
	<class name="astrolabe.model.P3">
		<description>Default mapping for class astrolabe.model.P3</description>
		<map-to xml="P3" ns-uri="http://www.chartacaeli.eu/astrolabe/model"/>
		<field name="phi" type="astrolabe.model.Phi" required="true">
			<bind-xml name="phi" node="element"/>
		</field>
		<field name="theta" type="astrolabe.model.Theta" required="true">
			<bind-xml name="theta" node="element"/>
		</field>
		<field name="r" type="astrolabe.model.R">
			<bind-xml name="r" node="element"/>
		</field>
	</class>
	<class name="astrolabe.model.P0">
		<description>Default mapping for class astrolabe.model.P0</description>
		<map-to xml="P0" ns-uri="http://www.chartacaeli.eu/astrolabe/model"/>
		<field name="phi" type="astrolabe.model.Phi" required="true">
			<bind-xml name="phi" node="element"/>
		</field>
		<field name="theta" type="astrolabe.model.Theta" required="true">
			<bind-xml name="theta" node="element"/>
		</field>
		<field name="r" type="astrolabe.model.R">
			<bind-xml name="r" node="element"/>
		</field>
	</class>
	<class name="astrolabe.model.Theta">
		<description>Default mapping for class astrolabe.model.Theta</description>
		<map-to xml="theta" ns-uri="http://www.chartacaeli.eu/astrolabe/model"/>
		<field name="DMS" type="astrolabe.model.DMS">
			<bind-xml name="DMS" node="element"/>
		</field>
		<field name="HMS" type="astrolabe.model.HMS">
			<bind-xml name="HMS" node="element"/>
		</field>
		<field name="rational" type="astrolabe.model.Rational">
			<bind-xml name="Rational" node="element"/>
		</field>
	</class>
	<class name="astrolabe.model.Center">
		<description>Default mapping for class astrolabe.model.Center</description>
		<map-to xml="Center" ns-uri="http://www.chartacaeli.eu/astrolabe/model"/>
		<field name="phi" type="astrolabe.model.Phi" required="true">
			<bind-xml name="phi" node="element"/>
		</field>
		<field name="theta" type="astrolabe.model.Theta" required="true">
			<bind-xml name="theta" node="element"/>
		</field>
		<field name="r" type="astrolabe.model.R">
			<bind-xml name="r" node="element"/>
		</field>
	</class>
	<class name="astrolabe.model.P2">
		<description>Default mapping for class astrolabe.model.P2</description>
		<map-to xml="P2" ns-uri="http://www.chartacaeli.eu/astrolabe/model"/>
		<field name="phi" type="astrolabe.model.Phi" required="true">
			<bind-xml name="phi" node="element"/>
		</field>
		<field name="theta" type="astrolabe.model.Theta" required="true">
			<bind-xml name="theta" node="element"/>
		</field>
		<field name="r" type="astrolabe.model.R">
			<bind-xml name="r" node="element"/>
		</field>
	</class>
	<class name="astrolabe.model.R">
		<description>Default mapping for class astrolabe.model.R</description>
		<map-to xml="r" ns-uri="http://www.chartacaeli.eu/astrolabe/model"/>
		<field name="value" type="double" required="true">
			<bind-xml name="value" node="attribute"/>
		</field>
	</class>
	<class name="astrolabe.model.Bottom">
		<description>Default mapping for class astrolabe.model.Bottom</description>
		<map-to xml="Bottom" ns-uri="http://www.chartacaeli.eu/astrolabe/model"/>
		<field name="phi" type="astrolabe.model.Phi" required="true">
			<bind-xml name="phi" node="element"/>
		</field>
		<field name="theta" type="astrolabe.model.Theta" required="true">
			<bind-xml name="theta" node="element"/>
		</field>
		<field name="r" type="astrolabe.model.R">
			<bind-xml name="r" node="element"/>
		</field>
	</class>
	<class name="astrolabe.model.P1">
		<description>Default mapping for class astrolabe.model.P1</description>
		<map-to xml="P1" ns-uri="http://www.chartacaeli.eu/astrolabe/model"/>
		<field name="phi" type="astrolabe.model.Phi" required="true">
			<bind-xml name="phi" node="element"/>
		</field>
		<field name="theta" type="astrolabe.model.Theta" required="true">
			<bind-xml name="theta" node="element"/>
		</field>
		<field name="r" type="astrolabe.model.R">
			<bind-xml name="r" node="element"/>
		</field>
	</class>
	<class name="astrolabe.model.HMS">
		<description>Default mapping for class astrolabe.model.HMS</description>
		<map-to xml="HMS" ns-uri="http://www.chartacaeli.eu/astrolabe/model"/>
		<field name="neg" type="boolean" required="true">
			<bind-xml name="neg" node="attribute"/>
		</field>
		<field name="hrs" type="int" required="true">
			<bind-xml name="hrs" node="attribute"/>
		</field>
		<field name="min" type="int" required="true">
			<bind-xml name="min" node="attribute"/>
		</field>
		<field name="sec" type="double" required="true">
			<bind-xml name="sec" node="attribute"/>
		</field>
	</class>
	<class name="astrolabe.AtlasStereographic">
		<description>Default mapping for class astrolabe.AtlasStereographic</description>
		<map-to xml="Atlas" ns-uri="http://www.chartacaeli.eu/astrolabe/model"/>
		<field name="atlasPage" type="astrolabe.model.AtlasPage" collection="array">
			<bind-xml name="AtlasPage" node="element"/>
		</field>
	</class>
	<class name="astrolabe.AtlasEquidistant">
		<description>Default mapping for class astrolabe.AtlasStereographic</description>
		<map-to xml="Atlas" ns-uri="http://www.chartacaeli.eu/astrolabe/model"/>
		<field name="atlasPage" type="astrolabe.model.AtlasPage" collection="array">
			<bind-xml name="AtlasPage" node="element"/>
		</field>
	</class>
	<class name="astrolabe.AtlasOrthographic">
		<description>Default mapping for class astrolabe.AtlasStereographic</description>
		<map-to xml="Atlas" ns-uri="http://www.chartacaeli.eu/astrolabe/model"/>
		<field name="atlasPage" type="astrolabe.model.AtlasPage" collection="array">
			<bind-xml name="AtlasPage" node="element"/>
		</field>
	</class>
	<class name="astrolabe.AtlasGnomonic">
		<description>Default mapping for class astrolabe.AtlasStereographic</description>
		<map-to xml="Atlas" ns-uri="http://www.chartacaeli.eu/astrolabe/model"/>
		<field name="atlasPage" type="astrolabe.model.AtlasPage" collection="array">
			<bind-xml name="AtlasPage" node="element"/>
		</field>
	</class>
	<class name="astrolabe.model.Extent">
		<description>Default mapping for class astrolabe.model.Extent</description>
		<map-to xml="Extent" ns-uri="http://www.chartacaeli.eu/astrolabe/model"/>
		<field name="phi" type="astrolabe.model.Phi" required="true">
			<bind-xml name="phi" node="element"/>
		</field>
		<field name="theta" type="astrolabe.model.Theta" required="true">
			<bind-xml name="theta" node="element"/>
		</field>
		<field name="r" type="astrolabe.model.R">
			<bind-xml name="r" node="element"/>
		</field>
	</class>
	<class name="astrolabe.AtlasPage">
		<description>Default mapping for class astrolabe.AtlasPage</description>
		<map-to xml="AtlasPage" ns-uri="http://www.chartacaeli.eu/astrolabe/model"/>
		<field name="scale" type="double" required="true">
			<bind-xml name="scale" node="attribute"/>
		</field>
		<field name="p0x" type="double" required="true">
			<bind-xml name="p0x" node="attribute"/>
		</field>
		<field name="p0y" type="double" required="true">
			<bind-xml name="p0y" node="attribute"/>
		</field>
		<field name="p1x" type="double" required="true">
			<bind-xml name="p1x" node="attribute"/>
		</field>
		<field name="p1y" type="double" required="true">
			<bind-xml name="p1y" node="attribute"/>
		</field>
		<field name="p2x" type="double" required="true">
			<bind-xml name="p2x" node="attribute"/>
		</field>
		<field name="p2y" type="double" required="true">
			<bind-xml name="p2y" node="attribute"/>
		</field>
		<field name="p3x" type="double" required="true">
			<bind-xml name="p3x" node="attribute"/>
		</field>
		<field name="p3y" type="double" required="true">
			<bind-xml name="p3y" node="attribute"/>
		</field>
		<field name="centerx" type="double" required="true">
			<bind-xml name="centerx" node="attribute"/>
		</field>
		<field name="centery" type="double" required="true">
			<bind-xml name="centery" node="attribute"/>
		</field>
		<field name="topx" type="double" required="true">
			<bind-xml name="topx" node="attribute"/>
		</field>
		<field name="topy" type="double" required="true">
			<bind-xml name="topy" node="attribute"/>
		</field>
		<field name="bottomx" type="double" required="true">
			<bind-xml name="bottomx" node="attribute"/>
		</field>
		<field name="bottomy" type="double" required="true">
			<bind-xml name="bottomy" node="attribute"/>
		</field>
		<field name="num" type="int" required="true">
			<bind-xml name="num" node="attribute"/>
		</field>
		<field name="tcp" type="int" required="true">
			<bind-xml name="tcp" node="attribute"/>
		</field>
		<field name="bcp" type="int" required="true">
			<bind-xml name="bcp" node="attribute"/>
		</field>
		<field name="pcp" type="int" required="true">
			<bind-xml name="pcp" node="attribute"/>
		</field>
		<field name="fcp" type="int" required="true">
			<bind-xml name="fcp" node="attribute"/>
		</field>
		<field name="p0" type="astrolabe.model.P0" required="true">
			<bind-xml name="P0" node="element"/>
		</field>
		<field name="p1" type="astrolabe.model.P1" required="true">
			<bind-xml name="P1" node="element"/>
		</field>
		<field name="p2" type="astrolabe.model.P2" required="true">
			<bind-xml name="P2" node="element"/>
		</field>
		<field name="p3" type="astrolabe.model.P3" required="true">
			<bind-xml name="P3" node="element"/>
		</field>
		<field name="center" type="astrolabe.model.Center" required="true">
			<bind-xml name="Center" node="element"/>
		</field>
		<field name="top" type="astrolabe.model.Top" required="true">
			<bind-xml name="Top" node="element"/>
		</field>
		<field name="bottom" type="astrolabe.model.Bottom" required="true">
			<bind-xml name="Bottom" node="element"/>
		</field>
		<field name="picker" type="astrolabe.model.Picker">
			<bind-xml name="Picker" node="element"/>
		</field>
	</class>
	<class name="astrolabe.model.Top">
		<description>Default mapping for class astrolabe.model.Top</description>
		<map-to xml="Top" ns-uri="http://www.chartacaeli.eu/astrolabe/model"/>
		<field name="phi" type="astrolabe.model.Phi" required="true">
			<bind-xml name="phi" node="element"/>
		</field>
		<field name="theta" type="astrolabe.model.Theta" required="true">
			<bind-xml name="theta" node="element"/>
		</field>
		<field name="r" type="astrolabe.model.R">
			<bind-xml name="r" node="element"/>
		</field>
	</class>
	<class name="astrolabe.model.Phi">
		<description>Default mapping for class astrolabe.model.Phi</description>
		<map-to xml="phi" ns-uri="http://www.chartacaeli.eu/astrolabe/model"/>
		<field name="DMS" type="astrolabe.model.DMS">
			<bind-xml name="DMS" node="element"/>
		</field>
		<field name="HMS" type="astrolabe.model.HMS">
			<bind-xml name="HMS" node="element"/>
		</field>
		<field name="rational" type="astrolabe.model.Rational">
			<bind-xml name="Rational" node="element"/>
		</field>
	</class>
</mapping>
