<?xml version="1.0" encoding="UTF-8"?>
<!--to generate this file
1. cd to project directory and type make AtlasAzimuthalType.map
2. remove package model from class definitions for AtlasAzimuthalType, AtlasPage, DMS and Rational
3. remove field definitions for name attributes from class definitions AtlasAzimuthalType, AtlasPage
4. remove required attributes from field definitions of Lon and Lat-->
<mapping xmlns="http://castor.exolab.org/" xmlns:cst="http://castor.exolab.org/">
	<description xmlns="">Castor generated mapping file</description>
	<class name="astrolabe.model.P0">
		<description xmlns="">Default mapping for class astrolabe.model.P0</description>
		<map-to xml="P0" ns-uri="http://www.chartacaeli.eu/astrolabe/model"/>
		<field name="lon" type="astrolabe.model.Lon" required="true">
			<bind-xml name="lon" node="element"/>
		</field>
		<field name="lat" type="astrolabe.model.Lat" required="true">
			<bind-xml name="lat" node="element"/>
		</field>
		<field name="rad" type="astrolabe.model.Rad">
			<bind-xml name="rad" node="element"/>
		</field>
	</class>
	<class name="astrolabe.model.Bottom">
		<description xmlns="">Default mapping for class astrolabe.model.Bottom</description>
		<map-to xml="Bottom" ns-uri="http://www.chartacaeli.eu/astrolabe/model"/>
		<field name="lon" type="astrolabe.model.Lon" required="true">
			<bind-xml name="lon" node="element"/>
		</field>
		<field name="lat" type="astrolabe.model.Lat" required="true">
			<bind-xml name="lat" node="element"/>
		</field>
		<field name="rad" type="astrolabe.model.Rad">
			<bind-xml name="rad" node="element"/>
		</field>
	</class>
	<class name="astrolabe.model.Rad">
		<description xmlns="">Default mapping for class astrolabe.model.Rad</description>
		<map-to xml="rad" ns-uri="http://www.chartacaeli.eu/astrolabe/model"/>
		<field name="value" type="double" required="true">
			<bind-xml name="value" node="attribute"/>
		</field>
	</class>
	<class name="astrolabe.AtlasAzimuthalType">
		<description xmlns="">Default mapping for class astrolabe.AtlasAzimuthalType</description>
		<map-to xml="AtlasAzimuthalType" ns-uri="http://www.chartacaeli.eu/astrolabe/model"/>
		<field name="atlasPage" type="astrolabe.model.AtlasPage" required="true" collection="array">
			<bind-xml name="AtlasPage" node="element"/>
		</field>
	</class>
	<class name="astrolabe.model.Lon">
		<description xmlns="">Default mapping for class astrolabe.model.Lon</description>
		<map-to xml="lon" ns-uri="http://www.chartacaeli.eu/astrolabe/model"/>
		<field name="DMS" type="astrolabe.model.DMS">
			<bind-xml name="DMS" node="element"/>
		</field>
		<field name="HMS" type="astrolabe.model.HMS">
			<bind-xml name="HMS" node="element"/>
		</field>
		<field name="rational" type="astrolabe.model.Rational">
			<bind-xml name="Rational" node="element"/>
		</field>
	</class>
	<class name="astrolabe.model.SpanParallel">
		<description xmlns="">Default mapping for class astrolabe.model.SpanParallel</description>
		<map-to xml="SpanParallel" ns-uri="http://www.chartacaeli.eu/astrolabe/model"/>
		<field name="DMS" type="astrolabe.model.DMS" required="true">
			<bind-xml name="DMS" node="element"/>
		</field>
		<field name="HMS" type="astrolabe.model.HMS" required="true">
			<bind-xml name="HMS" node="element"/>
		</field>
		<field name="rational" type="astrolabe.model.Rational" required="true">
			<bind-xml name="Rational" node="element"/>
		</field>
	</class>
	<class name="astrolabe.model.HMS">
		<description xmlns="">Default mapping for class astrolabe.model.HMS</description>
		<map-to xml="HMS" ns-uri="http://www.chartacaeli.eu/astrolabe/model"/>
		<field name="neg" type="boolean" required="true">
			<bind-xml name="neg" node="attribute"/>
		</field>
		<field name="hrs" type="int" required="true">
			<bind-xml name="hrs" node="attribute"/>
		</field>
		<field name="min" type="int" required="true">
			<bind-xml name="min" node="attribute"/>
		</field>
		<field name="sec" type="double" required="true">
			<bind-xml name="sec" node="attribute"/>
		</field>
	</class>
	<class name="astrolabe.DMS">
		<description xmlns="">Default mapping for class astrolabe.DMS</description>
		<map-to xml="DMS" ns-uri="http://www.chartacaeli.eu/astrolabe/model"/>
		<field name="neg" type="boolean" required="true">
			<bind-xml name="neg" node="attribute"/>
		</field>
		<field name="deg" type="int" required="true">
			<bind-xml name="deg" node="attribute"/>
		</field>
		<field name="min" type="int" required="true">
			<bind-xml name="min" node="attribute"/>
		</field>
		<field name="sec" type="double" required="true">
			<bind-xml name="sec" node="attribute"/>
		</field>
	</class>
	<class name="astrolabe.AtlasPage">
		<description xmlns="">Default mapping for class astrolabe.AtlasPage</description>
		<map-to xml="AtlasPage" ns-uri="http://www.chartacaeli.eu/astrolabe/model"/>
		<field name="scale" type="double" required="true">
			<bind-xml name="scale" node="attribute"/>
		</field>
		<field name="num" type="int" required="true">
			<bind-xml name="num" node="attribute"/>
		</field>
		<field name="tcp" type="int" required="true">
			<bind-xml name="tcp" node="attribute"/>
		</field>
		<field name="bcp" type="int" required="true">
			<bind-xml name="bcp" node="attribute"/>
		</field>
		<field name="fcp" type="int" required="true">
			<bind-xml name="fcp" node="attribute"/>
		</field>
		<field name="pcp" type="int" required="true">
			<bind-xml name="pcp" node="attribute"/>
		</field>
		<field name="p0x" type="double" required="true">
			<bind-xml name="p0x" node="attribute"/>
		</field>
		<field name="p0y" type="double" required="true">
			<bind-xml name="p0y" node="attribute"/>
		</field>
		<field name="p1x" type="double" required="true">
			<bind-xml name="p1x" node="attribute"/>
		</field>
		<field name="p1y" type="double" required="true">
			<bind-xml name="p1y" node="attribute"/>
		</field>
		<field name="p2x" type="double" required="true">
			<bind-xml name="p2x" node="attribute"/>
		</field>
		<field name="p2y" type="double" required="true">
			<bind-xml name="p2y" node="attribute"/>
		</field>
		<field name="p3x" type="double" required="true">
			<bind-xml name="p3x" node="attribute"/>
		</field>
		<field name="p3y" type="double" required="true">
			<bind-xml name="p3y" node="attribute"/>
		</field>
		<field name="centerx" type="double" required="true">
			<bind-xml name="centerx" node="attribute"/>
		</field>
		<field name="centery" type="double" required="true">
			<bind-xml name="centery" node="attribute"/>
		</field>
		<field name="topx" type="double" required="true">
			<bind-xml name="topx" node="attribute"/>
		</field>
		<field name="topy" type="double" required="true">
			<bind-xml name="topy" node="attribute"/>
		</field>
		<field name="bottomx" type="double" required="true">
			<bind-xml name="bottomx" node="attribute"/>
		</field>
		<field name="bottomy" type="double" required="true">
			<bind-xml name="bottomy" node="attribute"/>
		</field>
		<field name="p0" type="astrolabe.model.P0" required="true">
			<bind-xml name="P0" node="element"/>
		</field>
		<field name="p1" type="astrolabe.model.P1" required="true">
			<bind-xml name="P1" node="element"/>
		</field>
		<field name="p2" type="astrolabe.model.P2" required="true">
			<bind-xml name="P2" node="element"/>
		</field>
		<field name="p3" type="astrolabe.model.P3" required="true">
			<bind-xml name="P3" node="element"/>
		</field>
		<field name="center" type="astrolabe.model.Center" required="true">
			<bind-xml name="Center" node="element"/>
		</field>
		<field name="top" type="astrolabe.model.Top" required="true">
			<bind-xml name="Top" node="element"/>
		</field>
		<field name="bottom" type="astrolabe.model.Bottom" required="true">
			<bind-xml name="Bottom" node="element"/>
		</field>
		<field name="picker" type="astrolabe.model.Picker">
			<bind-xml name="Picker" node="element"/>
		</field>
	</class>
	<class name="astrolabe.model.Top">
		<description xmlns="">Default mapping for class astrolabe.model.Top</description>
		<map-to xml="Top" ns-uri="http://www.chartacaeli.eu/astrolabe/model"/>
		<field name="lon" type="astrolabe.model.Lon" required="true">
			<bind-xml name="lon" node="element"/>
		</field>
		<field name="lat" type="astrolabe.model.Lat" required="true">
			<bind-xml name="lat" node="element"/>
		</field>
		<field name="rad" type="astrolabe.model.Rad">
			<bind-xml name="rad" node="element"/>
		</field>
	</class>
	<class name="astrolabe.model.Center">
		<description xmlns="">Default mapping for class astrolabe.model.Center</description>
		<map-to xml="Center" ns-uri="http://www.chartacaeli.eu/astrolabe/model"/>
		<field name="lon" type="astrolabe.model.Lon" required="true">
			<bind-xml name="lon" node="element"/>
		</field>
		<field name="lat" type="astrolabe.model.Lat" required="true">
			<bind-xml name="lat" node="element"/>
		</field>
		<field name="rad" type="astrolabe.model.Rad">
			<bind-xml name="rad" node="element"/>
		</field>
	</class>
	<class name="astrolabe.model.P3">
		<description xmlns="">Default mapping for class astrolabe.model.P3</description>
		<map-to xml="P3" ns-uri="http://www.chartacaeli.eu/astrolabe/model"/>
		<field name="lon" type="astrolabe.model.Lon" required="true">
			<bind-xml name="lon" node="element"/>
		</field>
		<field name="lat" type="astrolabe.model.Lat" required="true">
			<bind-xml name="lat" node="element"/>
		</field>
		<field name="rad" type="astrolabe.model.Rad">
			<bind-xml name="rad" node="element"/>
		</field>
	</class>
	<class name="astrolabe.model.P2">
		<description xmlns="">Default mapping for class astrolabe.model.P2</description>
		<map-to xml="P2" ns-uri="http://www.chartacaeli.eu/astrolabe/model"/>
		<field name="lon" type="astrolabe.model.Lon" required="true">
			<bind-xml name="lon" node="element"/>
		</field>
		<field name="lat" type="astrolabe.model.Lat" required="true">
			<bind-xml name="lat" node="element"/>
		</field>
		<field name="rad" type="astrolabe.model.Rad">
			<bind-xml name="rad" node="element"/>
		</field>
	</class>
	<class name="astrolabe.model.SpanMeridian">
		<description xmlns="">Default mapping for class astrolabe.model.SpanMeridian</description>
		<map-to xml="SpanMeridian" ns-uri="http://www.chartacaeli.eu/astrolabe/model"/>
		<field name="limit" type="int">
			<bind-xml name="limit" node="attribute"/>
		</field>
		<field name="DMS" type="astrolabe.model.DMS" required="true">
			<bind-xml name="DMS" node="element"/>
		</field>
		<field name="HMS" type="astrolabe.model.HMS" required="true">
			<bind-xml name="HMS" node="element"/>
		</field>
		<field name="rational" type="astrolabe.model.Rational" required="true">
			<bind-xml name="Rational" node="element"/>
		</field>
	</class>
	<class name="astrolabe.Rational">
		<description xmlns="">Default mapping for class astrolabe.Rational</description>
		<map-to xml="Rational" ns-uri="http://www.chartacaeli.eu/astrolabe/model"/>
		<field name="value" type="double" required="true">
			<bind-xml name="value" node="attribute"/>
		</field>
	</class>
	<class name="astrolabe.model.Picker">
		<description xmlns="">Default mapping for class astrolabe.model.Picker</description>
		<map-to xml="Picker" ns-uri="http://www.chartacaeli.eu/astrolabe/model"/>
		<field name="spanParallel" type="astrolabe.model.SpanParallel" required="true" collection="array">
			<bind-xml name="SpanParallel" node="element"/>
		</field>
		<field name="spanMeridian" type="astrolabe.model.SpanMeridian" required="true" collection="array">
			<bind-xml name="SpanMeridian" node="element"/>
		</field>
	</class>
	<class name="astrolabe.model.Lat">
		<description xmlns="">Default mapping for class astrolabe.model.Lat</description>
		<map-to xml="lat" ns-uri="http://www.chartacaeli.eu/astrolabe/model"/>
		<field name="DMS" type="astrolabe.model.DMS">
			<bind-xml name="DMS" node="element"/>
		</field>
		<field name="HMS" type="astrolabe.model.HMS">
			<bind-xml name="HMS" node="element"/>
		</field>
		<field name="rational" type="astrolabe.model.Rational">
			<bind-xml name="Rational" node="element"/>
		</field>
	</class>
	<class name="astrolabe.model.P1">
		<description xmlns="">Default mapping for class astrolabe.model.P1</description>
		<map-to xml="P1" ns-uri="http://www.chartacaeli.eu/astrolabe/model"/>
		<field name="lon" type="astrolabe.model.Lon" required="true">
			<bind-xml name="lon" node="element"/>
		</field>
		<field name="lat" type="astrolabe.model.Lat" required="true">
			<bind-xml name="lat" node="element"/>
		</field>
		<field name="rad" type="astrolabe.model.Rad">
			<bind-xml name="rad" node="element"/>
		</field>
	</class>
</mapping>
